ARM Linker, 4.1 [Build 894] [Standard]

==============================================================================

Section Cross References

    system_stm32f10x.o(.text) refers to system_stm32f10x.o(.text) for SetSysClockTo72
    startup_stm32f10x_hd.o(RESET) refers to startup_stm32f10x_hd.o(.text) for Reset_Handler
    startup_stm32f10x_hd.o(RESET) refers to stm32f10x_it.o(.text) for NMI_Handler
    startup_stm32f10x_hd.o(.text) refers to startup_stm32f10x_hd.o(STACK) for __initial_sp
    startup_stm32f10x_hd.o(.text) refers to entry.o(.ARM.Collect$$$$00000000) for __main
    stm32f10x_adc.o(.text) refers to stm32f10x_rcc.o(.text) for RCC_APB2PeriphResetCmd
    stm32f10x_bkp.o(.text) refers to stm32f10x_rcc.o(.text) for RCC_BackupResetCmd
    stm32f10x_can.o(.text) refers to stm32f10x_rcc.o(.text) for RCC_APB1PeriphResetCmd
    stm32f10x_can.o(.text) refers to stm32f10x_can.o(.text) for CAN_FIFORelease
    stm32f10x_can.o(.text) refers to stm32f10x_can.o(.text) for CheckITStatus
    stm32f10x_dac.o(.text) refers to stm32f10x_rcc.o(.text) for RCC_APB1PeriphResetCmd
    stm32f10x_flash.o(.text) refers to stm32f10x_flash.o(.text) for FLASH_WaitForLastOperation
    stm32f10x_flash.o(.text) refers to stm32f10x_flash.o(.text) for FLASH_WaitForLastOperation
    stm32f10x_flash.o(.text) refers to stm32f10x_flash.o(.text) for FLASH_WaitForLastOperation
    stm32f10x_flash.o(.text) refers to stm32f10x_flash.o(.text) for FLASH_WaitForLastOperation
    stm32f10x_flash.o(.text) refers to stm32f10x_flash.o(.text) for FLASH_WaitForLastOperation
    stm32f10x_flash.o(.text) refers to stm32f10x_flash.o(.text) for FLASH_WaitForLastOperation
    stm32f10x_flash.o(.text) refers to stm32f10x_flash.o(.text) for FLASH_WaitForLastOperation
    stm32f10x_gpio.o(.text) refers to stm32f10x_rcc.o(.text) for RCC_APB2PeriphResetCmd
    stm32f10x_gpio.o(.text) refers to stm32f10x_rcc.o(.text) for RCC_APB2PeriphResetCmd
    stm32f10x_i2c.o(.text) refers to stm32f10x_rcc.o(.text) for RCC_APB1PeriphResetCmd
    stm32f10x_i2c.o(.text) refers to stm32f10x_rcc.o(.text) for RCC_GetClocksFreq
    stm32f10x_pwr.o(.text) refers to stm32f10x_rcc.o(.text) for RCC_APB1PeriphResetCmd
    stm32f10x_rcc.o(.text) refers to stm32f10x_rcc.o(.data) for .data
    stm32f10x_rtc.o(.text) refers to stm32f10x_rtc.o(.text) for RTC_EnterConfigMode
    stm32f10x_spi.o(.text) refers to stm32f10x_rcc.o(.text) for RCC_APB2PeriphResetCmd
    stm32f10x_spi.o(.text) refers to stm32f10x_rcc.o(.text) for RCC_APB1PeriphResetCmd
    stm32f10x_spi.o(.text) refers to stm32f10x_rcc.o(.text) for RCC_GetClocksFreq
    stm32f10x_tim.o(.text) refers to stm32f10x_rcc.o(.text) for RCC_APB1PeriphResetCmd
    stm32f10x_tim.o(.text) refers to stm32f10x_rcc.o(.text) for RCC_APB2PeriphResetCmd
    stm32f10x_tim.o(.text) refers to stm32f10x_tim.o(.text) for TIM_SetIC4Prescaler
    stm32f10x_tim.o(.text) refers to stm32f10x_tim.o(.text) for TI1_Config
    stm32f10x_tim.o(.text) refers to stm32f10x_tim.o(.text) for TIM_SetIC1Prescaler
    stm32f10x_tim.o(.text) refers to stm32f10x_tim.o(.text) for TI2_Config
    stm32f10x_tim.o(.text) refers to stm32f10x_tim.o(.text) for TIM_SetIC2Prescaler
    stm32f10x_tim.o(.text) refers to stm32f10x_tim.o(.text) for TIM_SetIC3Prescaler
    stm32f10x_tim.o(.text) refers to stm32f10x_tim.o(.text) for TI2_Config
    stm32f10x_tim.o(.text) refers to stm32f10x_tim.o(.text) for TIM_SetIC2Prescaler
    stm32f10x_tim.o(.text) refers to stm32f10x_tim.o(.text) for TI1_Config
    stm32f10x_tim.o(.text) refers to stm32f10x_tim.o(.text) for TIM_SetIC1Prescaler
    stm32f10x_tim.o(.text) refers to stm32f10x_tim.o(.text) for TIM_SelectInputTrigger
    stm32f10x_tim.o(.text) refers to stm32f10x_tim.o(.text) for TI1_Config
    stm32f10x_tim.o(.text) refers to stm32f10x_tim.o(.text) for TIM_SelectInputTrigger
    stm32f10x_tim.o(.text) refers to stm32f10x_tim.o(.text) for TI2_Config
    stm32f10x_tim.o(.text) refers to stm32f10x_tim.o(.text) for TIM_ETRConfig
    stm32f10x_tim.o(.text) refers to stm32f10x_tim.o(.text) for TIM_ETRConfig
    stm32f10x_usart.o(.text) refers to stm32f10x_rcc.o(.text) for RCC_APB2PeriphResetCmd
    stm32f10x_usart.o(.text) refers to stm32f10x_rcc.o(.text) for RCC_APB1PeriphResetCmd
    stm32f10x_usart.o(.text) refers to stm32f10x_rcc.o(.text) for RCC_GetClocksFreq
    stm32f10x_wwdg.o(.text) refers to stm32f10x_rcc.o(.text) for RCC_APB1PeriphResetCmd
    flash.o(.text) refers to stm32f10x_flash.o(.text) for FLASH_Unlock
    flash.o(.text) refers to stm32f10x_flash.o(.text) for FLASH_ClearFlag
    flash.o(.text) refers to stm32f10x_flash.o(.text) for FLASH_ProgramWord
    fsmc_sram.o(.text) refers to stm32f10x_fsmc.o(.text) for FSMC_NORSRAMInit
    system_init.o(.text) refers to misc.o(.text) for NVIC_SetVectorTable
    system_init.o(.text) refers to stm32f10x_gpio.o(.text) for GPIO_Init
    system_init.o(.text) refers to stm32f10x_rcc.o(.text) for RCC_APB2PeriphClockCmd
    system_init.o(.text) refers to stm32f10x_usart.o(.text) for USART_Init
    system_init.o(.text) refers to stm32f10x_pwr.o(.text) for PWR_BackupAccessCmd
    system_init.o(.text) refers to stm32f10x_bkp.o(.text) for BKP_DeInit
    system_init.o(.text) refers to stm32f10x_rtc.o(.text) for RTC_WaitForSynchro
    system_init.o(.text) refers to stm32f10x_flash.o(.text) for FLASH_SetLatency
    system_init.o(.text) refers to stm32f10x_tim.o(.text) for TIM_TimeBaseInit
    system_init.o(.text) refers to system_stm32f10x.o(.constdata) for SystemFrequency
    system_init.o(.text) refers to system_init.o(.data) for .data
    lcd_ili9341.o(.text) refers to stm32f10x_gpio.o(.text) for GPIO_SetBits
    lcd_ili9341.o(.text) refers to main.o(.text) for delay
    lcd_ili9341.o(.text) refers to lcd_ili9341.o(.text) for LCD_Control
    lcd_ili9341.o(.text) refers to lcd_ili9341.o(.text) for LCD_WR_REG
    lcd_ili9341.o(.text) refers to lcd_ili9341.o(.constdata) for .constdata
    ibutton.o(.text) refers to stm32f10x_gpio.o(.text) for GPIO_Init
    ibutton.o(.text) refers to main.o(.text) for uDelay
    ibutton.o(.text) refers to ibutton.o(.text) for OWReadBit
    ibutton.o(.text) refers to ibutton.o(.text) for OWTouchByte
    ibutton.o(.text) refers to ibutton.o(.text) for OWTouchReset
    main.o(.text) refers to display.o(.text) for CleanLCD
    main.o(.text) refers to stm32f10x_gpio.o(.text) for GPIO_WriteBit
    main.o(.text) refers to timertask.o(.text) for TmrInit
    main.o(.text) refers to stm32f10x_rtc.o(.text) for RTC_WaitForLastTask
    main.o(.text) refers to system_init.o(.text) for RTC_Configuration
    main.o(.text) refers to stm32f10x_rcc.o(.text) for RCC_ClearFlag
    main.o(.text) refers to stm32f10x_tim.o(.text) for TIM_Cmd
    main.o(.text) refers to ibutton.o(.text) for OWTouchReset
    main.o(.text) refers to battery.o(.text) for InitBatteryStatus
    main.o(.text) refers to management.o(.text) for GetKeyID_From_Flash
    main.o(.text) refers to main.o(.data) for .data
    main.o(.text) refers to pic.o(.constdata) for gBattery
    main.o(.text) refers to main.o(.bss) for .bss
    main.o(.text) refers to management.o(.data) for ReadKeyID
    main.o(.text) refers to pic.o(.constdata) for gLock
    main.o(.text) refers to stm32f10x_gpio.o(.text) for GPIO_WriteBit
    main.o(.text) refers to main.o(.text) for delay
    main.o(.text) refers to stm32f10x_usart.o(.text) for USART_SendData
    stm32f10x_it.o(.text) refers to timertask.o(.text) for TmrDiDa
    stm32f10x_it.o(.text) refers to main.o(.text) for TimingDelay_Decrement
    stm32f10x_it.o(.text) refers to stm32f10x_rtc.o(.text) for RTC_GetITStatus
    stm32f10x_it.o(.text) refers to stm32f10x_gpio.o(.text) for GPIO_ReadOutputDataBit
    stm32f10x_it.o(.text) refers to stm32f10x_usart.o(.text) for USART_GetITStatus
    stm32f10x_it.o(.text) refers to main.o(.bss) for ComData
    stm32f10x_it.o(.text) refers to main.o(.data) for ACK_Data
    stm32f10x_it.o(.text) refers to stm32f10x_it.o(.data) for .data
    stm32f10x_it.o(.text) refers to main.o(.data) for DataSizeOfTransfer
    management.o(.text) refers to flash.o(.text) for EraseFlash_by_Page
    management.o(.text) refers to display.o(.text) for LCD_DisplayFlashPic
    management.o(.text) refers to lcd_ili9341.o(.text) for D8toD16
    management.o(.text) refers to stm32f10x_usart.o(.text) for USART_ITConfig
    management.o(.text) refers to main.o(.data) for FLSH_PicData
    management.o(.text) refers to main.o(.data) for FLSH_AllPicData
    management.o(.text) refers to management.o(.data) for .data
    management.o(.text) refers to main.o(.bss) for ComData
    management.o(.text) refers to main.o(.data) for DataSizeOfTransfer
    management.o(.text) refers to main.o(.data) for ACK_Data
    timertask.o(.text) refers to main.o(.bss) for TmrTbl
    timertask.o(.text) refers to main.o(.bss) for TmrTbl
    timertask.o(.text) refers to main.o(.bss) for TmrTbl
    display.o(.text) refers to lcd_ili9341.o(.text) for LCD_Control
    display.o(.text) refers to stm32f10x_gpio.o(.text) for GPIO_SetBits
    display.o(.text) refers to fsmc_sram.o(.text) for FSMC_LCD_Init
    display.o(.text) refers to pic.o(.constdata) for nAsciiDot
    display.o(.text) refers to display.o(.constdata) for .constdata
    display.o(.text) refers to lcd_ili9341.o(.text) for LCD_Control
    display.o(.text) refers to lcd_ili9341.o(.text) for LCD_Control
    display.o(.text) refers to lcd_ili9341.o(.text) for LCD_Control
    display.o(.text) refers to lcd_ili9341.o(.text) for LCD_Control
    display.o(.text) refers to lcd_ili9341.o(.text) for LCD_WR_CMD
    display.o(.text) refers to lcd_ili9341.o(.text) for TFT_ShowChar
    display.o(.text) refers to lcd_ili9341.o(.text) for mypow
    battery.o(.text) refers to stm32f10x_gpio.o(.text) for GPIO_WriteBit
    battery.o(.text) refers to display.o(.text) for CleanLCD
    battery.o(.text) refers to timertask.o(.text) for TmrStop
    battery.o(.text) refers to main.o(.text) for Time_Reset
    battery.o(.text) refers to stm32f10x_rtc.o(.text) for RTC_GetCounter
    battery.o(.text) refers to battery.o(.bss) for .bss
    battery.o(.text) refers to main.o(.data) for DisInfoStateNow
    battery.o(.text) refers to pic.o(.constdata) for gBattery
    battery.o(.text) refers to stm32f10x_gpio.o(.text) for GPIO_WriteBit
    entry.o(.ARM.Collect$$$$00000000) refers (Special) to entry7b.o(.ARM.Collect$$$$00000008) for _main_clock
    entry.o(.ARM.Collect$$$$00000000) refers (Special) to entry8.o(.ARM.Collect$$$$00000009) for _main_init
    entry.o(.ARM.Collect$$$$00000000) refers (Special) to entry5.o(.ARM.Collect$$$$00000004) for _main_scatterload
    entry.o(.ARM.Collect$$$$00000000) refers (Special) to entry2.o(.ARM.Collect$$$$00000001) for _main_stk
    entry2.o(.ARM.Collect$$$$00000001) refers to entry2.o(.ARM.Collect$$$$00002712) for __lit__00000000
    entry2.o(.ARM.Collect$$$$00002712) refers to startup_stm32f10x_hd.o(STACK) for __initial_sp
    entry2.o(__vectab_stack_and_reset_area) refers to startup_stm32f10x_hd.o(STACK) for __initial_sp
    entry2.o(__vectab_stack_and_reset_area) refers to entry.o(.ARM.Collect$$$$00000000) for __main
    entry5.o(.ARM.Collect$$$$00000004) refers to init.o(.text) for __scatterload
    entry8.o(.ARM.Collect$$$$00000009) refers to main.o(.text) for main
    init.o(.text) refers to entry5.o(.ARM.Collect$$$$00000004) for __main_after_scatterload


==============================================================================

Removing Unused input sections from the image.

    Removing core_cm3.o(.emb_text), (32 bytes).
    Removing system_stm32f10x.o(.text), (64 bytes).
    Removing system_stm32f10x.o(.text), (148 bytes).
    Removing system_stm32f10x.o(.constdata), (4 bytes).
    Removing system_stm32f10x.o(.constdata), (4 bytes).
    Removing system_stm32f10x.o(.constdata), (4 bytes).
    Removing system_stm32f10x.o(.constdata), (4 bytes).
    Removing startup_stm32f10x_hd.o(HEAP), (0 bytes).
    Removing misc.o(.text), (20 bytes).
    Removing misc.o(.text), (24 bytes).
    Removing misc.o(.text), (24 bytes).
    Removing stm32f10x_adc.o(.text), (60 bytes).
    Removing stm32f10x_adc.o(.text), (72 bytes).
    Removing stm32f10x_adc.o(.text), (18 bytes).
    Removing stm32f10x_adc.o(.text), (20 bytes).
    Removing stm32f10x_adc.o(.text), (20 bytes).
    Removing stm32f10x_adc.o(.text), (18 bytes).
    Removing stm32f10x_adc.o(.text), (10 bytes).
    Removing stm32f10x_adc.o(.text), (14 bytes).
    Removing stm32f10x_adc.o(.text), (10 bytes).
    Removing stm32f10x_adc.o(.text), (14 bytes).
    Removing stm32f10x_adc.o(.text), (20 bytes).
    Removing stm32f10x_adc.o(.text), (14 bytes).
    Removing stm32f10x_adc.o(.text), (16 bytes).
    Removing stm32f10x_adc.o(.text), (20 bytes).
    Removing stm32f10x_adc.o(.text), (116 bytes).
    Removing stm32f10x_adc.o(.text), (20 bytes).
    Removing stm32f10x_adc.o(.text), (6 bytes).
    Removing stm32f10x_adc.o(.text), (12 bytes).
    Removing stm32f10x_adc.o(.text), (20 bytes).
    Removing stm32f10x_adc.o(.text), (20 bytes).
    Removing stm32f10x_adc.o(.text), (12 bytes).
    Removing stm32f10x_adc.o(.text), (20 bytes).
    Removing stm32f10x_adc.o(.text), (20 bytes).
    Removing stm32f10x_adc.o(.text), (14 bytes).
    Removing stm32f10x_adc.o(.text), (74 bytes).
    Removing stm32f10x_adc.o(.text), (16 bytes).
    Removing stm32f10x_adc.o(.text), (4 bytes).
    Removing stm32f10x_adc.o(.text), (8 bytes).
    Removing stm32f10x_adc.o(.text), (16 bytes).
    Removing stm32f10x_adc.o(.text), (6 bytes).
    Removing stm32f10x_adc.o(.text), (12 bytes).
    Removing stm32f10x_adc.o(.text), (28 bytes).
    Removing stm32f10x_adc.o(.text), (14 bytes).
    Removing stm32f10x_adc.o(.text), (6 bytes).
    Removing stm32f10x_adc.o(.text), (28 bytes).
    Removing stm32f10x_adc.o(.text), (8 bytes).
    Removing stm32f10x_bkp.o(.text), (12 bytes).
    Removing stm32f10x_bkp.o(.text), (12 bytes).
    Removing stm32f10x_bkp.o(.text), (12 bytes).
    Removing stm32f10x_bkp.o(.text), (20 bytes).
    Removing stm32f10x_bkp.o(.text), (20 bytes).
    Removing stm32f10x_bkp.o(.text), (12 bytes).
    Removing stm32f10x_bkp.o(.text), (12 bytes).
    Removing stm32f10x_bkp.o(.text), (12 bytes).
    Removing stm32f10x_bkp.o(.text), (16 bytes).
    Removing stm32f10x_bkp.o(.text), (12 bytes).
    Removing stm32f10x_bkp.o(.text), (16 bytes).
    Removing stm32f10x_can.o(.text), (36 bytes).
    Removing stm32f10x_can.o(.text), (232 bytes).
    Removing stm32f10x_can.o(.text), (192 bytes).
    Removing stm32f10x_can.o(.text), (32 bytes).
    Removing stm32f10x_can.o(.text), (16 bytes).
    Removing stm32f10x_can.o(.text), (154 bytes).
    Removing stm32f10x_can.o(.text), (118 bytes).
    Removing stm32f10x_can.o(.text), (36 bytes).
    Removing stm32f10x_can.o(.text), (12 bytes).
    Removing stm32f10x_can.o(.text), (22 bytes).
    Removing stm32f10x_can.o(.text), (122 bytes).
    Removing stm32f10x_can.o(.text), (20 bytes).
    Removing stm32f10x_can.o(.text), (30 bytes).
    Removing stm32f10x_can.o(.text), (42 bytes).
    Removing stm32f10x_can.o(.text), (14 bytes).
    Removing stm32f10x_can.o(.text), (8 bytes).
    Removing stm32f10x_can.o(.text), (142 bytes).
    Removing stm32f10x_can.o(.text), (136 bytes).
    Removing stm32f10x_can.o(.text), (12 bytes).
    Removing stm32f10x_crc.o(.text), (12 bytes).
    Removing stm32f10x_crc.o(.text), (12 bytes).
    Removing stm32f10x_crc.o(.text), (28 bytes).
    Removing stm32f10x_crc.o(.text), (12 bytes).
    Removing stm32f10x_crc.o(.text), (12 bytes).
    Removing stm32f10x_crc.o(.text), (12 bytes).
    Removing stm32f10x_dac.o(.text), (24 bytes).
    Removing stm32f10x_dac.o(.text), (40 bytes).
    Removing stm32f10x_dac.o(.text), (12 bytes).
    Removing stm32f10x_dac.o(.text), (24 bytes).
    Removing stm32f10x_dac.o(.text), (24 bytes).
    Removing stm32f10x_dac.o(.text), (28 bytes).
    Removing stm32f10x_dac.o(.text), (28 bytes).
    Removing stm32f10x_dac.o(.text), (24 bytes).
    Removing stm32f10x_dac.o(.text), (12 bytes).
    Removing stm32f10x_dac.o(.text), (12 bytes).
    Removing stm32f10x_dac.o(.text), (24 bytes).
    Removing stm32f10x_dac.o(.text), (16 bytes).
    Removing stm32f10x_dbgmcu.o(.text), (12 bytes).
    Removing stm32f10x_dbgmcu.o(.text), (16 bytes).
    Removing stm32f10x_dbgmcu.o(.text), (24 bytes).
    Removing stm32f10x_dma.o(.text), (216 bytes).
    Removing stm32f10x_dma.o(.text), (58 bytes).
    Removing stm32f10x_dma.o(.text), (26 bytes).
    Removing stm32f10x_dma.o(.text), (20 bytes).
    Removing stm32f10x_dma.o(.text), (16 bytes).
    Removing stm32f10x_dma.o(.text), (6 bytes).
    Removing stm32f10x_dma.o(.text), (32 bytes).
    Removing stm32f10x_dma.o(.text), (24 bytes).
    Removing stm32f10x_dma.o(.text), (32 bytes).
    Removing stm32f10x_dma.o(.text), (24 bytes).
    Removing stm32f10x_exti.o(.text), (36 bytes).
    Removing stm32f10x_exti.o(.text), (112 bytes).
    Removing stm32f10x_exti.o(.text), (14 bytes).
    Removing stm32f10x_exti.o(.text), (16 bytes).
    Removing stm32f10x_exti.o(.text), (20 bytes).
    Removing stm32f10x_exti.o(.text), (12 bytes).
    Removing stm32f10x_exti.o(.text), (32 bytes).
    Removing stm32f10x_exti.o(.text), (12 bytes).
    Removing stm32f10x_flash.o(.text), (24 bytes).
    Removing stm32f10x_flash.o(.text), (16 bytes).
    Removing stm32f10x_flash.o(.text), (60 bytes).
    Removing stm32f10x_flash.o(.text), (116 bytes).
    Removing stm32f10x_flash.o(.text), (68 bytes).
    Removing stm32f10x_flash.o(.text), (72 bytes).
    Removing stm32f10x_flash.o(.text), (168 bytes).
    Removing stm32f10x_flash.o(.text), (136 bytes).
    Removing stm32f10x_flash.o(.text), (88 bytes).
    Removing stm32f10x_flash.o(.text), (12 bytes).
    Removing stm32f10x_flash.o(.text), (12 bytes).
    Removing stm32f10x_flash.o(.text), (20 bytes).
    Removing stm32f10x_flash.o(.text), (20 bytes).
    Removing stm32f10x_flash.o(.text), (24 bytes).
    Removing stm32f10x_flash.o(.text), (32 bytes).
    Removing stm32f10x_fsmc.o(.text), (36 bytes).
    Removing stm32f10x_fsmc.o(.text), (40 bytes).
    Removing stm32f10x_fsmc.o(.text), (28 bytes).
    Removing stm32f10x_fsmc.o(.text), (104 bytes).
    Removing stm32f10x_fsmc.o(.text), (116 bytes).
    Removing stm32f10x_fsmc.o(.text), (96 bytes).
    Removing stm32f10x_fsmc.o(.text), (54 bytes).
    Removing stm32f10x_fsmc.o(.text), (60 bytes).
    Removing stm32f10x_fsmc.o(.text), (56 bytes).
    Removing stm32f10x_fsmc.o(.text), (32 bytes).
    Removing stm32f10x_fsmc.o(.text), (56 bytes).
    Removing stm32f10x_fsmc.o(.text), (18 bytes).
    Removing stm32f10x_fsmc.o(.text), (80 bytes).
    Removing stm32f10x_fsmc.o(.text), (40 bytes).
    Removing stm32f10x_fsmc.o(.text), (42 bytes).
    Removing stm32f10x_fsmc.o(.text), (48 bytes).
    Removing stm32f10x_fsmc.o(.text), (44 bytes).
    Removing stm32f10x_gpio.o(.text), (160 bytes).
    Removing stm32f10x_gpio.o(.text), (22 bytes).
    Removing stm32f10x_gpio.o(.text), (16 bytes).
    Removing stm32f10x_gpio.o(.text), (6 bytes).
    Removing stm32f10x_gpio.o(.text), (6 bytes).
    Removing stm32f10x_gpio.o(.text), (4 bytes).
    Removing stm32f10x_gpio.o(.text), (16 bytes).
    Removing stm32f10x_gpio.o(.text), (28 bytes).
    Removing stm32f10x_gpio.o(.text), (12 bytes).
    Removing stm32f10x_gpio.o(.text), (72 bytes).
    Removing stm32f10x_gpio.o(.text), (40 bytes).
    Removing stm32f10x_i2c.o(.text), (48 bytes).
    Removing stm32f10x_i2c.o(.text), (184 bytes).
    Removing stm32f10x_i2c.o(.text), (28 bytes).
    Removing stm32f10x_i2c.o(.text), (20 bytes).
    Removing stm32f10x_i2c.o(.text), (20 bytes).
    Removing stm32f10x_i2c.o(.text), (20 bytes).
    Removing stm32f10x_i2c.o(.text), (20 bytes).
    Removing stm32f10x_i2c.o(.text), (20 bytes).
    Removing stm32f10x_i2c.o(.text), (20 bytes).
    Removing stm32f10x_i2c.o(.text), (16 bytes).
    Removing stm32f10x_i2c.o(.text), (20 bytes).
    Removing stm32f10x_i2c.o(.text), (20 bytes).
    Removing stm32f10x_i2c.o(.text), (16 bytes).
    Removing stm32f10x_i2c.o(.text), (4 bytes).
    Removing stm32f10x_i2c.o(.text), (6 bytes).
    Removing stm32f10x_i2c.o(.text), (16 bytes).
    Removing stm32f10x_i2c.o(.text), (4 bytes).
    Removing stm32f10x_i2c.o(.text), (20 bytes).
    Removing stm32f10x_i2c.o(.text), (22 bytes).
    Removing stm32f10x_i2c.o(.text), (20 bytes).
    Removing stm32f10x_i2c.o(.text), (22 bytes).
    Removing stm32f10x_i2c.o(.text), (20 bytes).
    Removing stm32f10x_i2c.o(.text), (6 bytes).
    Removing stm32f10x_i2c.o(.text), (20 bytes).
    Removing stm32f10x_i2c.o(.text), (20 bytes).
    Removing stm32f10x_i2c.o(.text), (22 bytes).
    Removing stm32f10x_i2c.o(.text), (14 bytes).
    Removing stm32f10x_i2c.o(.text), (24 bytes).
    Removing stm32f10x_i2c.o(.text), (30 bytes).
    Removing stm32f10x_i2c.o(.text), (6 bytes).
    Removing stm32f10x_i2c.o(.text), (34 bytes).
    Removing stm32f10x_i2c.o(.text), (6 bytes).
    Removing stm32f10x_iwdg.o(.text), (12 bytes).
    Removing stm32f10x_iwdg.o(.text), (12 bytes).
    Removing stm32f10x_iwdg.o(.text), (12 bytes).
    Removing stm32f10x_iwdg.o(.text), (16 bytes).
    Removing stm32f10x_iwdg.o(.text), (16 bytes).
    Removing stm32f10x_iwdg.o(.text), (20 bytes).
    Removing stm32f10x_pwr.o(.text), (24 bytes).
    Removing stm32f10x_pwr.o(.text), (12 bytes).
    Removing stm32f10x_pwr.o(.text), (20 bytes).
    Removing stm32f10x_pwr.o(.text), (12 bytes).
    Removing stm32f10x_pwr.o(.text), (44 bytes).
    Removing stm32f10x_pwr.o(.text), (40 bytes).
    Removing stm32f10x_pwr.o(.text), (20 bytes).
    Removing stm32f10x_pwr.o(.text), (16 bytes).
    Removing stm32f10x_rcc.o(.text), (20 bytes).
    Removing stm32f10x_rcc.o(.text), (12 bytes).
    Removing stm32f10x_rcc.o(.text), (24 bytes).
    Removing stm32f10x_rcc.o(.text), (12 bytes).
    Removing stm32f10x_rcc.o(.text), (20 bytes).
    Removing stm32f10x_rcc.o(.text), (12 bytes).
    Removing stm32f10x_rcc.o(.text), (24 bytes).
    Removing stm32f10x_rcc.o(.text), (24 bytes).
    Removing stm32f10x_rcc.o(.text), (12 bytes).
    Removing stm32f10x_rcc.o(.text), (12 bytes).
    Removing stm32f10x_rcc.o(.text), (20 bytes).
    Removing stm32f10x_rcc.o(.text), (12 bytes).
    Removing stm32f10x_rtc.o(.text), (32 bytes).
    Removing stm32f10x_rtc.o(.text), (24 bytes).
    Removing stm32f10x_rtc.o(.text), (20 bytes).
    Removing stm32f10x_rtc.o(.text), (16 bytes).
    Removing stm32f10x_sdio.o(.text), (36 bytes).
    Removing stm32f10x_sdio.o(.text), (44 bytes).
    Removing stm32f10x_sdio.o(.text), (16 bytes).
    Removing stm32f10x_sdio.o(.text), (12 bytes).
    Removing stm32f10x_sdio.o(.text), (24 bytes).
    Removing stm32f10x_sdio.o(.text), (16 bytes).
    Removing stm32f10x_sdio.o(.text), (24 bytes).
    Removing stm32f10x_sdio.o(.text), (12 bytes).
    Removing stm32f10x_sdio.o(.text), (40 bytes).
    Removing stm32f10x_sdio.o(.text), (14 bytes).
    Removing stm32f10x_sdio.o(.text), (12 bytes).
    Removing stm32f10x_sdio.o(.text), (12 bytes).
    Removing stm32f10x_sdio.o(.text), (44 bytes).
    Removing stm32f10x_sdio.o(.text), (20 bytes).
    Removing stm32f10x_sdio.o(.text), (12 bytes).
    Removing stm32f10x_sdio.o(.text), (12 bytes).
    Removing stm32f10x_sdio.o(.text), (12 bytes).
    Removing stm32f10x_sdio.o(.text), (12 bytes).
    Removing stm32f10x_sdio.o(.text), (12 bytes).
    Removing stm32f10x_sdio.o(.text), (12 bytes).
    Removing stm32f10x_sdio.o(.text), (12 bytes).
    Removing stm32f10x_sdio.o(.text), (12 bytes).
    Removing stm32f10x_sdio.o(.text), (12 bytes).
    Removing stm32f10x_sdio.o(.text), (12 bytes).
    Removing stm32f10x_sdio.o(.text), (16 bytes).
    Removing stm32f10x_sdio.o(.text), (12 bytes).
    Removing stm32f10x_sdio.o(.text), (20 bytes).
    Removing stm32f10x_sdio.o(.text), (12 bytes).
    Removing stm32f10x_sdio.o(.text), (20 bytes).
    Removing stm32f10x_sdio.o(.text), (12 bytes).
    Removing stm32f10x_spi.o(.text), (76 bytes).
    Removing stm32f10x_spi.o(.text), (56 bytes).
    Removing stm32f10x_spi.o(.text), (152 bytes).
    Removing stm32f10x_spi.o(.text), (24 bytes).
    Removing stm32f10x_spi.o(.text), (18 bytes).
    Removing stm32f10x_spi.o(.text), (20 bytes).
    Removing stm32f10x_spi.o(.text), (20 bytes).
    Removing stm32f10x_spi.o(.text), (24 bytes).
    Removing stm32f10x_spi.o(.text), (16 bytes).
    Removing stm32f10x_spi.o(.text), (4 bytes).
    Removing stm32f10x_spi.o(.text), (4 bytes).
    Removing stm32f10x_spi.o(.text), (24 bytes).
    Removing stm32f10x_spi.o(.text), (20 bytes).
    Removing stm32f10x_spi.o(.text), (16 bytes).
    Removing stm32f10x_spi.o(.text), (10 bytes).
    Removing stm32f10x_spi.o(.text), (20 bytes).
    Removing stm32f10x_spi.o(.text), (12 bytes).
    Removing stm32f10x_spi.o(.text), (4 bytes).
    Removing stm32f10x_spi.o(.text), (22 bytes).
    Removing stm32f10x_spi.o(.text), (14 bytes).
    Removing stm32f10x_spi.o(.text), (6 bytes).
    Removing stm32f10x_spi.o(.text), (42 bytes).
    Removing stm32f10x_spi.o(.text), (14 bytes).
    Removing stm32f10x_tim.o(.text), (180 bytes).
    Removing stm32f10x_tim.o(.text), (96 bytes).
    Removing stm32f10x_tim.o(.text), (124 bytes).
    Removing stm32f10x_tim.o(.text), (120 bytes).
    Removing stm32f10x_tim.o(.text), (96 bytes).
    Removing stm32f10x_tim.o(.text), (18 bytes).
    Removing stm32f10x_tim.o(.text), (16 bytes).
    Removing stm32f10x_tim.o(.text), (18 bytes).
    Removing stm32f10x_tim.o(.text), (44 bytes).
    Removing stm32f10x_tim.o(.text), (16 bytes).
    Removing stm32f10x_tim.o(.text), (160 bytes).
    Removing stm32f10x_tim.o(.text), (108 bytes).
    Removing stm32f10x_tim.o(.text), (34 bytes).
    Removing stm32f10x_tim.o(.text), (18 bytes).
    Removing stm32f10x_tim.o(.text), (20 bytes).
    Removing stm32f10x_tim.o(.text), (16 bytes).
    Removing stm32f10x_tim.o(.text), (18 bytes).
    Removing stm32f10x_tim.o(.text), (22 bytes).
    Removing stm32f10x_tim.o(.text), (16 bytes).
    Removing stm32f10x_tim.o(.text), (4 bytes).
    Removing stm32f10x_tim.o(.text), (8 bytes).
    Removing stm32f10x_tim.o(.text), (16 bytes).
    Removing stm32f10x_tim.o(.text), (10 bytes).
    Removing stm32f10x_tim.o(.text), (12 bytes).
    Removing stm32f10x_tim.o(.text), (18 bytes).
    Removing stm32f10x_tim.o(.text), (44 bytes).
    Removing stm32f10x_tim.o(.text), (18 bytes).
    Removing stm32f10x_tim.o(.text), (18 bytes).
    Removing stm32f10x_tim.o(.text), (18 bytes).
    Removing stm32f10x_tim.o(.text), (6 bytes).
    Removing stm32f10x_tim.o(.text), (14 bytes).
    Removing stm32f10x_tim.o(.text), (44 bytes).
    Removing stm32f10x_tim.o(.text), (12 bytes).
    Removing stm32f10x_tim.o(.text), (14 bytes).
    Removing stm32f10x_tim.o(.text), (12 bytes).
    Removing stm32f10x_tim.o(.text), (14 bytes).
    Removing stm32f10x_tim.o(.text), (22 bytes).
    Removing stm32f10x_tim.o(.text), (20 bytes).
    Removing stm32f10x_tim.o(.text), (20 bytes).
    Removing stm32f10x_tim.o(.text), (20 bytes).
    Removing stm32f10x_tim.o(.text), (12 bytes).
    Removing stm32f10x_tim.o(.text), (14 bytes).
    Removing stm32f10x_tim.o(.text), (12 bytes).
    Removing stm32f10x_tim.o(.text), (14 bytes).
    Removing stm32f10x_tim.o(.text), (12 bytes).
    Removing stm32f10x_tim.o(.text), (14 bytes).
    Removing stm32f10x_tim.o(.text), (12 bytes).
    Removing stm32f10x_tim.o(.text), (14 bytes).
    Removing stm32f10x_tim.o(.text), (12 bytes).
    Removing stm32f10x_tim.o(.text), (14 bytes).
    Removing stm32f10x_tim.o(.text), (12 bytes).
    Removing stm32f10x_tim.o(.text), (14 bytes).
    Removing stm32f10x_tim.o(.text), (12 bytes).
    Removing stm32f10x_tim.o(.text), (12 bytes).
    Removing stm32f10x_tim.o(.text), (14 bytes).
    Removing stm32f10x_tim.o(.text), (14 bytes).
    Removing stm32f10x_tim.o(.text), (14 bytes).
    Removing stm32f10x_tim.o(.text), (14 bytes).
    Removing stm32f10x_tim.o(.text), (14 bytes).
    Removing stm32f10x_tim.o(.text), (22 bytes).
    Removing stm32f10x_tim.o(.text), (22 bytes).
    Removing stm32f10x_tim.o(.text), (66 bytes).
    Removing stm32f10x_tim.o(.text), (22 bytes).
    Removing stm32f10x_tim.o(.text), (22 bytes).
    Removing stm32f10x_tim.o(.text), (20 bytes).
    Removing stm32f10x_tim.o(.text), (18 bytes).
    Removing stm32f10x_tim.o(.text), (16 bytes).
    Removing stm32f10x_tim.o(.text), (16 bytes).
    Removing stm32f10x_tim.o(.text), (16 bytes).
    Removing stm32f10x_tim.o(.text), (4 bytes).
    Removing stm32f10x_tim.o(.text), (4 bytes).
    Removing stm32f10x_tim.o(.text), (4 bytes).
    Removing stm32f10x_tim.o(.text), (4 bytes).
    Removing stm32f10x_tim.o(.text), (6 bytes).
    Removing stm32f10x_tim.o(.text), (14 bytes).
    Removing stm32f10x_tim.o(.text), (4 bytes).
    Removing stm32f10x_tim.o(.text), (4 bytes).
    Removing stm32f10x_tim.o(.text), (4 bytes).
    Removing stm32f10x_tim.o(.text), (6 bytes).
    Removing stm32f10x_tim.o(.text), (4 bytes).
    Removing stm32f10x_tim.o(.text), (14 bytes).
    Removing stm32f10x_tim.o(.text), (6 bytes).
    Removing stm32f10x_tim.o(.text), (24 bytes).
    Removing stm32f10x_tim.o(.text), (6 bytes).
    Removing stm32f10x_tim.o(.text), (40 bytes).
    Removing stm32f10x_usart.o(.text), (108 bytes).
    Removing stm32f10x_usart.o(.text), (22 bytes).
    Removing stm32f10x_usart.o(.text), (30 bytes).
    Removing stm32f10x_usart.o(.text), (12 bytes).
    Removing stm32f10x_usart.o(.text), (16 bytes).
    Removing stm32f10x_usart.o(.text), (16 bytes).
    Removing stm32f10x_usart.o(.text), (16 bytes).
    Removing stm32f10x_usart.o(.text), (20 bytes).
    Removing stm32f10x_usart.o(.text), (16 bytes).
    Removing stm32f10x_usart.o(.text), (20 bytes).
    Removing stm32f10x_usart.o(.text), (10 bytes).
    Removing stm32f10x_usart.o(.text), (16 bytes).
    Removing stm32f10x_usart.o(.text), (16 bytes).
    Removing stm32f10x_usart.o(.text), (20 bytes).
    Removing stm32f10x_usart.o(.text), (20 bytes).
    Removing stm32f10x_usart.o(.text), (20 bytes).
    Removing stm32f10x_usart.o(.text), (16 bytes).
    Removing stm32f10x_usart.o(.text), (20 bytes).
    Removing stm32f10x_usart.o(.text), (12 bytes).
    Removing stm32f10x_wwdg.o(.text), (24 bytes).
    Removing stm32f10x_wwdg.o(.text), (20 bytes).
    Removing stm32f10x_wwdg.o(.text), (24 bytes).
    Removing stm32f10x_wwdg.o(.text), (12 bytes).
    Removing stm32f10x_wwdg.o(.text), (16 bytes).
    Removing stm32f10x_wwdg.o(.text), (16 bytes).
    Removing stm32f10x_wwdg.o(.text), (12 bytes).
    Removing stm32f10x_wwdg.o(.text), (12 bytes).
    Removing flash.o(.text), (52 bytes).
    Removing flash.o(.text), (28 bytes).
    Removing flash.o(.text), (28 bytes).
    Removing system_init.o(.text), (2 bytes).
    Removing system_init.o(.text), (2 bytes).
    Removing system_init.o(.data), (1 bytes).
    Removing lcd_ili9341.o(.text), (8 bytes).
    Removing lcd_ili9341.o(.text), (12 bytes).
    Removing lcd_ili9341.o(.text), (44 bytes).
    Removing lcd_ili9341.o(.text), (12 bytes).
    Removing lcd_ili9341.o(.text), (8 bytes).
    Removing lcd_ili9341.o(.text), (12 bytes).
    Removing lcd_ili9341.o(.text), (20 bytes).
    Removing lcd_ili9341.o(.text), (108 bytes).
    Removing lcd_ili9341.o(.constdata), (1536 bytes).
    Removing lcd_ili9341.o(.data), (4 bytes).
    Removing ibutton.o(.text), (46 bytes).
    Removing ibutton.o(.text), (28 bytes).
    Removing ibutton.o(.text), (26 bytes).
    Removing main.o(.text), (46 bytes).
    Removing main.o(.text), (92 bytes).
    Removing main.o(.text), (36 bytes).
    Removing main.o(.data), (1 bytes).
    Removing main.o(.data), (16 bytes).
    Removing main.o(.data), (4112 bytes).
    Removing main.o(.data), (4112 bytes).
    Removing main.o(.data), (4112 bytes).
    Removing main.o(.data), (4112 bytes).
    Removing main.o(.data), (4112 bytes).
    Removing main.o(.data), (8 bytes).
    Removing main.o(.data), (8 bytes).
    Removing stm32f10x_it.o(.data), (1 bytes).
    Removing stm32f10x_it.o(.data), (1 bytes).
    Removing timertask.o(.text), (28 bytes).
    Removing timertask.o(.text), (116 bytes).
    Removing display.o(.text), (118 bytes).
    Removing display.o(.text), (112 bytes).
    Removing display.o(.text), (76 bytes).
    Removing display.o(.text), (58 bytes).
    Removing display.o(.text), (244 bytes).
    Removing battery.o(.text), (24 bytes).
    Removing battery.o(.data), (1 bytes).
    Removing pic.o(.constdata), (109368 bytes).
    Removing pic.o(.constdata), (109368 bytes).

430 unused section(s) (total 253441 bytes) removed from the image.

==============================================================================

Image Symbol Table

    Local Symbols

    Symbol Name                              Value     Ov Type        Size  Object(Section)

    ../../../cmprslib/zerorunl2.c            0x00000000   Number         0  __dczerorl2.o ABSOLUTE
    ../../microlib/init/entry.s              0x00000000   Number         0  entry7b.o ABSOLUTE
    ../../microlib/init/entry.s              0x00000000   Number         0  entry7a.o ABSOLUTE
    ../../microlib/init/entry.s              0x00000000   Number         0  entry5.o ABSOLUTE
    ../../microlib/init/entry.s              0x00000000   Number         0  entry2.o ABSOLUTE
    ../../microlib/init/entry.s              0x00000000   Number         0  entry.o ABSOLUTE
    ../../microlib/init/entry.s              0x00000000   Number         0  entry8.o ABSOLUTE
    ..\\sys\\core_cm3.c                      0x00000000   Number         0  core_cm3.o ABSOLUTE
    ..\lib\src\misc.c                        0x00000000   Number         0  misc.o ABSOLUTE
    ..\lib\src\stm32f10x_adc.c               0x00000000   Number         0  stm32f10x_adc.o ABSOLUTE
    ..\lib\src\stm32f10x_bkp.c               0x00000000   Number         0  stm32f10x_bkp.o ABSOLUTE
    ..\lib\src\stm32f10x_can.c               0x00000000   Number         0  stm32f10x_can.o ABSOLUTE
    ..\lib\src\stm32f10x_crc.c               0x00000000   Number         0  stm32f10x_crc.o ABSOLUTE
    ..\lib\src\stm32f10x_dac.c               0x00000000   Number         0  stm32f10x_dac.o ABSOLUTE
    ..\lib\src\stm32f10x_dbgmcu.c            0x00000000   Number         0  stm32f10x_dbgmcu.o ABSOLUTE
    ..\lib\src\stm32f10x_dma.c               0x00000000   Number         0  stm32f10x_dma.o ABSOLUTE
    ..\lib\src\stm32f10x_exti.c              0x00000000   Number         0  stm32f10x_exti.o ABSOLUTE
    ..\lib\src\stm32f10x_flash.c             0x00000000   Number         0  stm32f10x_flash.o ABSOLUTE
    ..\lib\src\stm32f10x_fsmc.c              0x00000000   Number         0  stm32f10x_fsmc.o ABSOLUTE
    ..\lib\src\stm32f10x_gpio.c              0x00000000   Number         0  stm32f10x_gpio.o ABSOLUTE
    ..\lib\src\stm32f10x_i2c.c               0x00000000   Number         0  stm32f10x_i2c.o ABSOLUTE
    ..\lib\src\stm32f10x_iwdg.c              0x00000000   Number         0  stm32f10x_iwdg.o ABSOLUTE
    ..\lib\src\stm32f10x_pwr.c               0x00000000   Number         0  stm32f10x_pwr.o ABSOLUTE
    ..\lib\src\stm32f10x_rcc.c               0x00000000   Number         0  stm32f10x_rcc.o ABSOLUTE
    ..\lib\src\stm32f10x_rtc.c               0x00000000   Number         0  stm32f10x_rtc.o ABSOLUTE
    ..\lib\src\stm32f10x_sdio.c              0x00000000   Number         0  stm32f10x_sdio.o ABSOLUTE
    ..\lib\src\stm32f10x_spi.c               0x00000000   Number         0  stm32f10x_spi.o ABSOLUTE
    ..\lib\src\stm32f10x_tim.c               0x00000000   Number         0  stm32f10x_tim.o ABSOLUTE
    ..\lib\src\stm32f10x_usart.c             0x00000000   Number         0  stm32f10x_usart.o ABSOLUTE
    ..\lib\src\stm32f10x_wwdg.c              0x00000000   Number         0  stm32f10x_wwdg.o ABSOLUTE
    ..\sys\core_cm3.c                        0x00000000   Number         0  core_cm3.o ABSOLUTE
    ..\sys\startup_stm32f10x_hd.s            0x00000000   Number         0  startup_stm32f10x_hd.o ABSOLUTE
    ..\sys\system_stm32f10x.c                0x00000000   Number         0  system_stm32f10x.o ABSOLUTE
    ..\user\driver\src\flash.c               0x00000000   Number         0  flash.o ABSOLUTE
    ..\user\driver\src\fsmc_sram.c           0x00000000   Number         0  fsmc_sram.o ABSOLUTE
    ..\user\driver\src\iButton.c             0x00000000   Number         0  ibutton.o ABSOLUTE
    ..\user\driver\src\lcd_ILI9341.c         0x00000000   Number         0  lcd_ili9341.o ABSOLUTE
    ..\user\driver\src\system_init.c         0x00000000   Number         0  system_init.o ABSOLUTE
    ..\user\driver\src\usart.c               0x00000000   Number         0  usart.o ABSOLUTE
    ..\user\function\src\Battery.c           0x00000000   Number         0  battery.o ABSOLUTE
    ..\user\function\src\Display.c           0x00000000   Number         0  display.o ABSOLUTE
    ..\user\function\src\Management.c        0x00000000   Number         0  management.o ABSOLUTE
    ..\user\function\src\TimerTask.c         0x00000000   Number         0  timertask.o ABSOLUTE
    ..\user\main.c                           0x00000000   Number         0  main.o ABSOLUTE
    ..\user\resoucre\pic.c                   0x00000000   Number         0  pic.o ABSOLUTE
    ..\user\stm32f10x_it.c                   0x00000000   Number         0  stm32f10x_it.o ABSOLUTE
    dc.s                                     0x00000000   Number         0  dc.o ABSOLUTE
    handlers.s                               0x00000000   Number         0  handlers.o ABSOLUTE
    init.s                                   0x00000000   Number         0  init.o ABSOLUTE
    RESET                                    0x08000000   Section      304  startup_stm32f10x_hd.o(RESET)
    .ARM.Collect$$$$00000000                 0x08000130   Section        0  entry.o(.ARM.Collect$$$$00000000)
    .ARM.Collect$$$$00000001                 0x08000130   Section        4  entry2.o(.ARM.Collect$$$$00000001)
    .ARM.Collect$$$$00000004                 0x08000134   Section        4  entry5.o(.ARM.Collect$$$$00000004)
    .ARM.Collect$$$$00000008                 0x08000138   Section        0  entry7b.o(.ARM.Collect$$$$00000008)
    .ARM.Collect$$$$00000009                 0x08000138   Section        8  entry8.o(.ARM.Collect$$$$00000009)
    .ARM.Collect$$$$00002712                 0x08000140   Section        4  entry2.o(.ARM.Collect$$$$00002712)
    __lit__00000000                          0x08000140   Data           4  entry2.o(.ARM.Collect$$$$00002712)
    .text                                    0x08000144   Section       48  startup_stm32f10x_hd.o(.text)
    .text                                    0x08000174   Section        0  misc.o(.text)
    .text                                    0x080001e8   Section        0  stm32f10x_bkp.o(.text)
    .text                                    0x080001fc   Section        0  stm32f10x_flash.o(.text)
    .text                                    0x080002f4   Section        0  stm32f10x_fsmc.o(.text)
    .text                                    0x080003d0   Section        0  stm32f10x_gpio.o(.text)
    .text                                    0x0800049c   Section        0  stm32f10x_pwr.o(.text)
    .text                                    0x080004a8   Section        0  stm32f10x_rcc.o(.text)
    .text                                    0x080006cc   Section        0  stm32f10x_rtc.o(.text)
    .text                                    0x08000790   Section        0  stm32f10x_tim.o(.text)
    .text                                    0x080007e8   Section        0  stm32f10x_usart.o(.text)
    .text                                    0x08000918   Section        0  flash.o(.text)
    .text                                    0x08000984   Section        0  fsmc_sram.o(.text)
    .text                                    0x080009d8   Section        0  system_init.o(.text)
    NVIC_SetPriority                         0x08000d9d   Thumb Code    22  system_init.o(.text)
    .text                                    0x08000de4   Section        0  lcd_ili9341.o(.text)
    .text                                    0x08001078   Section        0  ibutton.o(.text)
    .text                                    0x080011c4   Section        0  main.o(.text)
    BatteryFaultTimer                        0x080011c5   Thumb Code    68  main.o(.text)
    BatteryDisplayTimer                      0x08001209   Thumb Code    38  main.o(.text)
    ConmmunctionTimer                        0x0800122f   Thumb Code    26  main.o(.text)
    BackLightTimeOutTimer                    0x08001249   Thumb Code     4  main.o(.text)
    LockOffDelayTimer                        0x0800124d   Thumb Code    28  main.o(.text)
    .text                                    0x0800152c   Section        0  stm32f10x_it.o(.text)
    .text                                    0x080016b8   Section        0  management.o(.text)
    .text                                    0x080019b4   Section        0  timertask.o(.text)
    .text                                    0x08001ad0   Section        0  display.o(.text)
    .text                                    0x080020fc   Section        0  battery.o(.text)
    .text                                    0x080023b4   Section       36  init.o(.text)
    .text                                    0x080023d8   Section        0  __dczerorl2.o(.text)
    i.__scatterload_copy                     0x08002434   Section       14  handlers.o(i.__scatterload_copy)
    i.__scatterload_null                     0x08002442   Section        2  handlers.o(i.__scatterload_null)
    i.__scatterload_zeroinit                 0x08002444   Section       14  handlers.o(i.__scatterload_zeroinit)
    .constdata                               0x08002454   Section        4  system_stm32f10x.o(.constdata)
    .constdata                               0x08002458   Section     1258  display.o(.constdata)
    .constdata                               0x08002942   Section     4608  pic.o(.constdata)
    .constdata                               0x08003b42   Section    32256  pic.o(.constdata)
    .constdata                               0x0800b942   Section    13824  pic.o(.constdata)
    .data                                    0x20000000   Section       20  stm32f10x_rcc.o(.data)
    ADCPrescTable                            0x20000000   Data           4  stm32f10x_rcc.o(.data)
    APBAHBPrescTable                         0x20000004   Data          16  stm32f10x_rcc.o(.data)
    .data                                    0x20000014   Section        4  system_init.o(.data)
    .data                                    0x20000018   Section        1  main.o(.data)
    .data                                    0x20000019   Section       13  main.o(.data)
    .data                                    0x20000028   Section    24840  main.o(.data)
    LockState                                0x20000028   Data           1  main.o(.data)
    TimingDelay                              0x2000002c   Data           4  main.o(.data)
    .data                                    0x20006130   Section     4112  main.o(.data)
    .data                                    0x20007140   Section        1  stm32f10x_it.o(.data)
    .data                                    0x20007141   Section       16  management.o(.data)
    .bss                                     0x20007154   Section     4108  main.o(.bss)
    .bss                                     0x20008160   Section      400  main.o(.bss)
    .bss                                     0x200082f0   Section       16  battery.o(.bss)
    STACK                                    0x20008300   Section      512  startup_stm32f10x_hd.o(STACK)

    Global Symbols

    Symbol Name                              Value     Ov Type        Size  Object(Section)

    BuildAttributes$$THM_ISAv4$P$D$K$B$S$PE$A:L22UL41UL21$X:L11$S22US41US21$IEEE1$IW$USESV6$~STKCKD$USESV7$~SHL$OSPACE$EBA8$MICROLIB$REQ8$PRES8$EABIv2 0x00000000   Number         0  anon$$obj.o ABSOLUTE
    __ARM_use_no_argv                        0x00000000   Number         0  main.o ABSOLUTE
    _clock_init                               - Undefined Weak Reference
    __Vectors_Size                           0x00000130   Number         0  startup_stm32f10x_hd.o ABSOLUTE
    __Vectors                                0x08000000   Data           4  startup_stm32f10x_hd.o(RESET)
    __Vectors_End                            0x08000130   Data           0  startup_stm32f10x_hd.o(RESET)
    __main                                   0x08000131   Thumb Code     0  entry.o(.ARM.Collect$$$$00000000)
    _main_stk                                0x08000131   Thumb Code     0  entry2.o(.ARM.Collect$$$$00000001)
    _main_scatterload                        0x08000135   Thumb Code     0  entry5.o(.ARM.Collect$$$$00000004)
    __main_after_scatterload                 0x08000139   Thumb Code     0  entry5.o(.ARM.Collect$$$$00000004)
    _main_clock                              0x08000139   Thumb Code     0  entry7b.o(.ARM.Collect$$$$00000008)
    _main_init                               0x08000139   Thumb Code     0  entry8.o(.ARM.Collect$$$$00000009)
    SystemInit_ExtMemCtl                     0x08000145   Thumb Code     2  startup_stm32f10x_hd.o(.text)
    Reset_Handler                            0x08000147   Thumb Code    14  startup_stm32f10x_hd.o(.text)
    ADC1_2_IRQHandler                        0x08000167   Thumb Code     0  startup_stm32f10x_hd.o(.text)
    ADC3_IRQHandler                          0x08000167   Thumb Code     0  startup_stm32f10x_hd.o(.text)
    CAN1_RX1_IRQHandler                      0x08000167   Thumb Code     0  startup_stm32f10x_hd.o(.text)
    CAN1_SCE_IRQHandler                      0x08000167   Thumb Code     0  startup_stm32f10x_hd.o(.text)
    DMA1_Channel1_IRQHandler                 0x08000167   Thumb Code     0  startup_stm32f10x_hd.o(.text)
    DMA1_Channel2_IRQHandler                 0x08000167   Thumb Code     0  startup_stm32f10x_hd.o(.text)
    DMA1_Channel3_IRQHandler                 0x08000167   Thumb Code     0  startup_stm32f10x_hd.o(.text)
    DMA1_Channel4_IRQHandler                 0x08000167   Thumb Code     0  startup_stm32f10x_hd.o(.text)
    DMA1_Channel5_IRQHandler                 0x08000167   Thumb Code     0  startup_stm32f10x_hd.o(.text)
    DMA1_Channel6_IRQHandler                 0x08000167   Thumb Code     0  startup_stm32f10x_hd.o(.text)
    DMA1_Channel7_IRQHandler                 0x08000167   Thumb Code     0  startup_stm32f10x_hd.o(.text)
    DMA2_Channel1_IRQHandler                 0x08000167   Thumb Code     0  startup_stm32f10x_hd.o(.text)
    DMA2_Channel2_IRQHandler                 0x08000167   Thumb Code     0  startup_stm32f10x_hd.o(.text)
    DMA2_Channel3_IRQHandler                 0x08000167   Thumb Code     0  startup_stm32f10x_hd.o(.text)
    DMA2_Channel4_5_IRQHandler               0x08000167   Thumb Code     0  startup_stm32f10x_hd.o(.text)
    EXTI0_IRQHandler                         0x08000167   Thumb Code     0  startup_stm32f10x_hd.o(.text)
    EXTI15_10_IRQHandler                     0x08000167   Thumb Code     0  startup_stm32f10x_hd.o(.text)
    EXTI1_IRQHandler                         0x08000167   Thumb Code     0  startup_stm32f10x_hd.o(.text)
    EXTI2_IRQHandler                         0x08000167   Thumb Code     0  startup_stm32f10x_hd.o(.text)
    EXTI3_IRQHandler                         0x08000167   Thumb Code     0  startup_stm32f10x_hd.o(.text)
    EXTI4_IRQHandler                         0x08000167   Thumb Code     0  startup_stm32f10x_hd.o(.text)
    EXTI9_5_IRQHandler                       0x08000167   Thumb Code     0  startup_stm32f10x_hd.o(.text)
    FLASH_IRQHandler                         0x08000167   Thumb Code     0  startup_stm32f10x_hd.o(.text)
    FSMC_IRQHandler                          0x08000167   Thumb Code     0  startup_stm32f10x_hd.o(.text)
    I2C1_ER_IRQHandler                       0x08000167   Thumb Code     0  startup_stm32f10x_hd.o(.text)
    I2C1_EV_IRQHandler                       0x08000167   Thumb Code     0  startup_stm32f10x_hd.o(.text)
    I2C2_ER_IRQHandler                       0x08000167   Thumb Code     0  startup_stm32f10x_hd.o(.text)
    I2C2_EV_IRQHandler                       0x08000167   Thumb Code     0  startup_stm32f10x_hd.o(.text)
    PVD_IRQHandler                           0x08000167   Thumb Code     0  startup_stm32f10x_hd.o(.text)
    RCC_IRQHandler                           0x08000167   Thumb Code     0  startup_stm32f10x_hd.o(.text)
    RTCAlarm_IRQHandler                      0x08000167   Thumb Code     0  startup_stm32f10x_hd.o(.text)
    SDIO_IRQHandler                          0x08000167   Thumb Code     0  startup_stm32f10x_hd.o(.text)
    SPI1_IRQHandler                          0x08000167   Thumb Code     0  startup_stm32f10x_hd.o(.text)
    SPI2_IRQHandler                          0x08000167   Thumb Code     0  startup_stm32f10x_hd.o(.text)
    SPI3_IRQHandler                          0x08000167   Thumb Code     0  startup_stm32f10x_hd.o(.text)
    TAMPER_IRQHandler                        0x08000167   Thumb Code     0  startup_stm32f10x_hd.o(.text)
    TIM1_BRK_IRQHandler                      0x08000167   Thumb Code     0  startup_stm32f10x_hd.o(.text)
    TIM1_CC_IRQHandler                       0x08000167   Thumb Code     0  startup_stm32f10x_hd.o(.text)
    TIM1_TRG_COM_IRQHandler                  0x08000167   Thumb Code     0  startup_stm32f10x_hd.o(.text)
    TIM1_UP_IRQHandler                       0x08000167   Thumb Code     0  startup_stm32f10x_hd.o(.text)
    TIM2_IRQHandler                          0x08000167   Thumb Code     0  startup_stm32f10x_hd.o(.text)
    TIM3_IRQHandler                          0x08000167   Thumb Code     0  startup_stm32f10x_hd.o(.text)
    TIM4_IRQHandler                          0x08000167   Thumb Code     0  startup_stm32f10x_hd.o(.text)
    TIM5_IRQHandler                          0x08000167   Thumb Code     0  startup_stm32f10x_hd.o(.text)
    TIM6_IRQHandler                          0x08000167   Thumb Code     0  startup_stm32f10x_hd.o(.text)
    TIM7_IRQHandler                          0x08000167   Thumb Code     0  startup_stm32f10x_hd.o(.text)
    TIM8_BRK_IRQHandler                      0x08000167   Thumb Code     0  startup_stm32f10x_hd.o(.text)
    TIM8_CC_IRQHandler                       0x08000167   Thumb Code     0  startup_stm32f10x_hd.o(.text)
    TIM8_TRG_COM_IRQHandler                  0x08000167   Thumb Code     0  startup_stm32f10x_hd.o(.text)
    TIM8_UP_IRQHandler                       0x08000167   Thumb Code     0  startup_stm32f10x_hd.o(.text)
    UART4_IRQHandler                         0x08000167   Thumb Code     0  startup_stm32f10x_hd.o(.text)
    UART5_IRQHandler                         0x08000167   Thumb Code     0  startup_stm32f10x_hd.o(.text)
    USART2_IRQHandler                        0x08000167   Thumb Code     0  startup_stm32f10x_hd.o(.text)
    USART3_IRQHandler                        0x08000167   Thumb Code     0  startup_stm32f10x_hd.o(.text)
    USBWakeUp_IRQHandler                     0x08000167   Thumb Code     0  startup_stm32f10x_hd.o(.text)
    USB_HP_CAN1_TX_IRQHandler                0x08000167   Thumb Code     0  startup_stm32f10x_hd.o(.text)
    USB_LP_CAN1_RX0_IRQHandler               0x08000167   Thumb Code     0  startup_stm32f10x_hd.o(.text)
    WWDG_IRQHandler                          0x08000167   Thumb Code     0  startup_stm32f10x_hd.o(.text)
    NVIC_Init                                0x08000175   Thumb Code    90  misc.o(.text)
    NVIC_SetVectorTable                      0x080001cf   Thumb Code    14  misc.o(.text)
    BKP_DeInit                               0x080001e9   Thumb Code    18  stm32f10x_bkp.o(.text)
    FLASH_SetLatency                         0x080001fd   Thumb Code    14  stm32f10x_flash.o(.text)
    FLASH_PrefetchBufferCmd                  0x0800020b   Thumb Code    18  stm32f10x_flash.o(.text)
    FLASH_Unlock                             0x0800021d   Thumb Code    12  stm32f10x_flash.o(.text)
    FLASH_GetStatus                          0x08000229   Thumb Code    34  stm32f10x_flash.o(.text)
    FLASH_WaitForLastOperation               0x0800024b   Thumb Code    40  stm32f10x_flash.o(.text)
    FLASH_ErasePage                          0x08000273   Thumb Code    60  stm32f10x_flash.o(.text)
    FLASH_ProgramHalfWord                    0x080002af   Thumb Code    50  stm32f10x_flash.o(.text)
    FLASH_ClearFlag                          0x080002e1   Thumb Code     6  stm32f10x_flash.o(.text)
    FSMC_NORSRAMInit                         0x080002f5   Thumb Code   188  stm32f10x_fsmc.o(.text)
    FSMC_NORSRAMCmd                          0x080003b1   Thumb Code    28  stm32f10x_fsmc.o(.text)
    GPIO_Init                                0x080003d1   Thumb Code   156  stm32f10x_gpio.o(.text)
    GPIO_ReadInputDataBit                    0x0800046d   Thumb Code    14  stm32f10x_gpio.o(.text)
    GPIO_ReadOutputDataBit                   0x0800047b   Thumb Code    14  stm32f10x_gpio.o(.text)
    GPIO_SetBits                             0x08000489   Thumb Code     4  stm32f10x_gpio.o(.text)
    GPIO_ResetBits                           0x0800048d   Thumb Code     4  stm32f10x_gpio.o(.text)
    GPIO_WriteBit                            0x08000491   Thumb Code    10  stm32f10x_gpio.o(.text)
    PWR_BackupAccessCmd                      0x0800049d   Thumb Code     6  stm32f10x_pwr.o(.text)
    RCC_DeInit                               0x080004a9   Thumb Code    48  stm32f10x_rcc.o(.text)
    RCC_HSEConfig                            0x080004d9   Thumb Code    48  stm32f10x_rcc.o(.text)
    RCC_GetFlagStatus                        0x08000509   Thumb Code    42  stm32f10x_rcc.o(.text)
    RCC_WaitForHSEStartUp                    0x08000533   Thumb Code    36  stm32f10x_rcc.o(.text)
    RCC_PLLConfig                            0x08000557   Thumb Code    16  stm32f10x_rcc.o(.text)
    RCC_PLLCmd                               0x08000567   Thumb Code     6  stm32f10x_rcc.o(.text)
    RCC_SYSCLKConfig                         0x0800056d   Thumb Code    14  stm32f10x_rcc.o(.text)
    RCC_GetSYSCLKSource                      0x0800057b   Thumb Code    10  stm32f10x_rcc.o(.text)
    RCC_HCLKConfig                           0x08000585   Thumb Code    14  stm32f10x_rcc.o(.text)
    RCC_PCLK1Config                          0x08000593   Thumb Code    14  stm32f10x_rcc.o(.text)
    RCC_PCLK2Config                          0x080005a1   Thumb Code    16  stm32f10x_rcc.o(.text)
    RCC_LSEConfig                            0x080005b1   Thumb Code    26  stm32f10x_rcc.o(.text)
    RCC_RTCCLKConfig                         0x080005cb   Thumb Code    10  stm32f10x_rcc.o(.text)
    RCC_RTCCLKCmd                            0x080005d5   Thumb Code     6  stm32f10x_rcc.o(.text)
    RCC_GetClocksFreq                        0x080005db   Thumb Code   132  stm32f10x_rcc.o(.text)
    RCC_AHBPeriphClockCmd                    0x0800065f   Thumb Code    18  stm32f10x_rcc.o(.text)
    RCC_APB2PeriphClockCmd                   0x08000671   Thumb Code    18  stm32f10x_rcc.o(.text)
    RCC_APB1PeriphClockCmd                   0x08000683   Thumb Code    18  stm32f10x_rcc.o(.text)
    RCC_BackupResetCmd                       0x08000695   Thumb Code     8  stm32f10x_rcc.o(.text)
    RCC_ClearFlag                            0x0800069d   Thumb Code    12  stm32f10x_rcc.o(.text)
    RTC_ITConfig                             0x080006cd   Thumb Code    18  stm32f10x_rtc.o(.text)
    RTC_EnterConfigMode                      0x080006df   Thumb Code    14  stm32f10x_rtc.o(.text)
    RTC_ExitConfigMode                       0x080006ed   Thumb Code    14  stm32f10x_rtc.o(.text)
    RTC_GetCounter                           0x080006fb   Thumb Code    18  stm32f10x_rtc.o(.text)
    RTC_SetCounter                           0x0800070d   Thumb Code    26  stm32f10x_rtc.o(.text)
    RTC_SetPrescaler                         0x08000727   Thumb Code    28  stm32f10x_rtc.o(.text)
    RTC_WaitForLastTask                      0x08000743   Thumb Code    12  stm32f10x_rtc.o(.text)
    RTC_WaitForSynchro                       0x0800074f   Thumb Code    20  stm32f10x_rtc.o(.text)
    RTC_GetITStatus                          0x08000763   Thumb Code    28  stm32f10x_rtc.o(.text)
    RTC_ClearITPendingBit                    0x0800077f   Thumb Code    12  stm32f10x_rtc.o(.text)
    TIM_TimeBaseInit                         0x08000791   Thumb Code    50  stm32f10x_tim.o(.text)
    TIM_Cmd                                  0x080007c3   Thumb Code    22  stm32f10x_tim.o(.text)
    TIM_SetCounter                           0x080007d9   Thumb Code     4  stm32f10x_tim.o(.text)
    TIM_GetCounter                           0x080007dd   Thumb Code     4  stm32f10x_tim.o(.text)
    USART_Init                               0x080007e9   Thumb Code   134  stm32f10x_usart.o(.text)
    USART_Cmd                                0x0800086f   Thumb Code    20  stm32f10x_usart.o(.text)
    USART_ITConfig                           0x08000883   Thumb Code    48  stm32f10x_usart.o(.text)
    USART_SendData                           0x080008b3   Thumb Code     8  stm32f10x_usart.o(.text)
    USART_ReceiveData                        0x080008bb   Thumb Code     8  stm32f10x_usart.o(.text)
    USART_GetFlagStatus                      0x080008c3   Thumb Code    14  stm32f10x_usart.o(.text)
    USART_ClearFlag                          0x080008d1   Thumb Code     6  stm32f10x_usart.o(.text)
    USART_GetITStatus                        0x080008d7   Thumb Code    62  stm32f10x_usart.o(.text)
    EraseFlash_by_Page                       0x08000919   Thumb Code    62  flash.o(.text)
    WriteFlash_by_16Bit                      0x08000957   Thumb Code    46  flash.o(.text)
    FSMC_LCD_Init                            0x08000985   Thumb Code    82  fsmc_sram.o(.text)
    SysTick_Configuration                    0x080009d9   Thumb Code    64  system_init.o(.text)
    USART_NVIC_Init                          0x08000a19   Thumb Code    42  system_init.o(.text)
    USART_GPIO_Init                          0x08000a43   Thumb Code    54  system_init.o(.text)
    USART_Configuration                      0x08000a79   Thumb Code    90  system_init.o(.text)
    FSCM_GPIO_Init                           0x08000ad3   Thumb Code   196  system_init.o(.text)
    FSCM_Configuration                       0x08000b97   Thumb Code    18  system_init.o(.text)
    RTC_Configuration                        0x08000ba9   Thumb Code    88  system_init.o(.text)
    RCC_Configuration                        0x08000c01   Thumb Code    96  system_init.o(.text)
    GPIO_Configuration                       0x08000c61   Thumb Code   148  system_init.o(.text)
    Flash_Configuration                      0x08000cf5   Thumb Code    58  system_init.o(.text)
    Timer_Configuration                      0x08000d2f   Thumb Code    44  system_init.o(.text)
    SystemResourcesInit                      0x08000d5b   Thumb Code    66  system_init.o(.text)
    LCD_WR_Data                              0x08000de5   Thumb Code     6  lcd_ili9341.o(.text)
    LCD_Control                              0x08000deb   Thumb Code   248  lcd_ili9341.o(.text)
    LCD_Rest                                 0x08000ee3   Thumb Code    50  lcd_ili9341.o(.text)
    LCD_Init                                 0x08000f15   Thumb Code   336  lcd_ili9341.o(.text)
    D8toD16                                  0x08001065   Thumb Code    10  lcd_ili9341.o(.text)
    GPIO_Conf_in                             0x08001079   Thumb Code    40  ibutton.o(.text)
    GPIO_Conf_out                            0x080010a1   Thumb Code    30  ibutton.o(.text)
    OWTouchReset                             0x080010bf   Thumb Code    72  ibutton.o(.text)
    OWWriteBit                               0x08001107   Thumb Code    68  ibutton.o(.text)
    OWReadBit                                0x0800114b   Thumb Code    62  ibutton.o(.text)
    OWWriteByte                              0x08001189   Thumb Code    26  ibutton.o(.text)
    OWReadByte                               0x080011a3   Thumb Code    30  ibutton.o(.text)
    TmrTaskConfig                            0x08001269   Thumb Code   136  main.o(.text)
    Time_Reset                               0x080012f1   Thumb Code    20  main.o(.text)
    RTC_Init                                 0x08001305   Thumb Code    34  main.o(.text)
    uDelay                                   0x08001327   Thumb Code    48  main.o(.text)
    iButtonKeyID_Save                        0x08001357   Thumb Code    42  main.o(.text)
    iButtonCheck                             0x08001381   Thumb Code    58  main.o(.text)
    delay                                    0x080013bb   Thumb Code    14  main.o(.text)
    OpenLock                                 0x080013c9   Thumb Code    10  main.o(.text)
    InitLock                                 0x080013d3   Thumb Code    10  main.o(.text)
    main                                     0x080013dd   Thumb Code   226  main.o(.text)
    TimingDelay_Decrement                    0x080014bf   Thumb Code    18  main.o(.text)
    NMI_Handler                              0x0800152d   Thumb Code     2  stm32f10x_it.o(.text)
    HardFault_Handler                        0x0800152f   Thumb Code     2  stm32f10x_it.o(.text)
    MemManage_Handler                        0x08001531   Thumb Code     2  stm32f10x_it.o(.text)
    BusFault_Handler                         0x08001533   Thumb Code     2  stm32f10x_it.o(.text)
    UsageFault_Handler                       0x08001535   Thumb Code     2  stm32f10x_it.o(.text)
    DebugMon_Handler                         0x08001537   Thumb Code     2  stm32f10x_it.o(.text)
    SVC_Handler                              0x08001539   Thumb Code     2  stm32f10x_it.o(.text)
    PendSV_Handler                           0x0800153b   Thumb Code     2  stm32f10x_it.o(.text)
    SysTick_Handler                          0x0800153d   Thumb Code    14  stm32f10x_it.o(.text)
    RTC_IRQHandler                           0x0800154b   Thumb Code    72  stm32f10x_it.o(.text)
    USART1_IRQHandler                        0x08001593   Thumb Code   262  stm32f10x_it.o(.text)
    CleanFlash                               0x080016b9   Thumb Code    60  management.o(.text)
    GetKeyID_From_Flash                      0x080016f5   Thumb Code    36  management.o(.text)
    UpdateLCD                                0x08001719   Thumb Code    50  management.o(.text)
    CleanDisplayInfo_on_LCD                  0x0800174b   Thumb Code    44  management.o(.text)
    SaveData                                 0x08001777   Thumb Code   114  management.o(.text)
    SaveInfoToFlash                          0x080017e9   Thumb Code    48  management.o(.text)
    CheckSum                                 0x08001819   Thumb Code    30  management.o(.text)
    PrasePakage                              0x08001837   Thumb Code    72  management.o(.text)
    PersonalInfoMgt                          0x0800187f   Thumb Code   232  management.o(.text)
    TmrCfgFnct                               0x080019b5   Thumb Code    24  timertask.o(.text)
    TmrInit                                  0x080019cd   Thumb Code    28  timertask.o(.text)
    TmrReset                                 0x080019e9   Thumb Code    20  timertask.o(.text)
    TmrSetMST                                0x080019fd   Thumb Code    44  timertask.o(.text)
    TmrSetT                                  0x08001a29   Thumb Code    20  timertask.o(.text)
    TmrStart                                 0x08001a3d   Thumb Code    18  timertask.o(.text)
    TmrStop                                  0x08001a4f   Thumb Code    18  timertask.o(.text)
    TmrTask                                  0x08001a61   Thumb Code    70  timertask.o(.text)
    TmrDiDa                                  0x08001aa7   Thumb Code    36  timertask.o(.text)
    LCD_BackgroundUpdata                     0x08001ad1   Thumb Code    42  display.o(.text)
    OpenBackLight                            0x08001afb   Thumb Code    24  display.o(.text)
    CloseBackLight                           0x08001b13   Thumb Code    24  display.o(.text)
    LCD_ResInit                              0x08001b2b   Thumb Code    22  display.o(.text)
    LCD_DisplayFlashPic                      0x08001b41   Thumb Code    54  display.o(.text)
    LCD_Icon                                 0x08001b77   Thumb Code    58  display.o(.text)
    getInfo                                  0x08001bb1   Thumb Code    60  display.o(.text)
    LCD_ShowChar_1624_ASCII                  0x08001bed   Thumb Code   132  display.o(.text)
    LCD_DisplayGB2424                        0x08001c71   Thumb Code   114  display.o(.text)
    LCD_CleanGB2424                          0x08001ce3   Thumb Code    50  display.o(.text)
    LCD_DisplayCharFromFlash                 0x08001d15   Thumb Code   124  display.o(.text)
    CleanLCD                                 0x08001d91   Thumb Code   178  display.o(.text)
    CleanCharFromLCD                         0x08001e43   Thumb Code    44  display.o(.text)
    LCD_ShowNum_1624_ASCII                   0x08001e6f   Thumb Code   134  display.o(.text)
    TFT_ShowChar_1624_ASCII                  0x08001ef5   Thumb Code   126  display.o(.text)
    DisplayGB2424                            0x08001f73   Thumb Code   144  display.o(.text)
    LCD_DisplayChinese                       0x08002003   Thumb Code    44  display.o(.text)
    Time_Display                             0x0800202f   Thumb Code   196  display.o(.text)
    InitBatteryStatus                        0x080020fd   Thumb Code    10  battery.o(.text)
    ChargingStatus_LED_Control               0x08002107   Thumb Code   132  battery.o(.text)
    BatteryStatusDisplay                     0x0800218b   Thumb Code   134  battery.o(.text)
    Battery_InCharging                       0x08002211   Thumb Code    18  battery.o(.text)
    Battery_Full                             0x08002223   Thumb Code    32  battery.o(.text)
    Battery_Removed                          0x08002243   Thumb Code    26  battery.o(.text)
    BatteryRemoveCheck                       0x0800225d   Thumb Code    54  battery.o(.text)
    StateCheck                               0x08002293   Thumb Code    92  battery.o(.text)
    GetBatteryStatusTime                     0x080022ef   Thumb Code    38  battery.o(.text)
    FaultDetection                           0x08002315   Thumb Code    26  battery.o(.text)
    BatteryFaultAlarm                        0x0800232f   Thumb Code    18  battery.o(.text)
    BatteryManage                            0x08002341   Thumb Code    46  battery.o(.text)
    __scatterload                            0x080023b5   Thumb Code    28  init.o(.text)
    __scatterload_rt2                        0x080023b5   Thumb Code     0  init.o(.text)
    __decompress                             0x080023d9   Thumb Code     0  __dczerorl2.o(.text)
    __decompress1                            0x080023d9   Thumb Code    92  __dczerorl2.o(.text)
    __scatterload_copy                       0x08002435   Thumb Code    14  handlers.o(i.__scatterload_copy)
    __scatterload_null                       0x08002443   Thumb Code     2  handlers.o(i.__scatterload_null)
    __scatterload_zeroinit                   0x08002445   Thumb Code    14  handlers.o(i.__scatterload_zeroinit)
    SystemFrequency                          0x08002454   Data           4  system_stm32f10x.o(.constdata)
    GB_24                                    0x08002458   Data        1258  display.o(.constdata)
    nAsciiDot                                0x08002942   Data        4608  pic.o(.constdata)
    gBattery                                 0x08003b42   Data       32256  pic.o(.constdata)
    gLock                                    0x0800b942   Data       13824  pic.o(.constdata)
    Region$$Table$$Base                      0x0800ef44   Number         0  anon$$obj.o(Region$$Table)
    Region$$Table$$Limit                     0x0800ef64   Number         0  anon$$obj.o(Region$$Table)
    GPIO_InitStructure                       0x20000014   Data           4  system_init.o(.data)
    DataSizeOfTransfer                       0x20000018   Data           1  main.o(.data)
    ACK_Data                                 0x20000019   Data          13  main.o(.data)
    DisInfoPic                               0x20000030   Data          16  main.o(.data)
    DisInfoName                              0x20000040   Data          16  main.o(.data)
    DisInfoDep                               0x20000050   Data          16  main.o(.data)
    DisInfoProfession                        0x20000060   Data          16  main.o(.data)
    DisInfoJobNum                            0x20000070   Data          16  main.o(.data)
    DisInfoState                             0x20000080   Data          16  main.o(.data)
    DisInfoStateNow                          0x20000090   Data          16  main.o(.data)
    DisInfoTime                              0x200000a0   Data          16  main.o(.data)
    DisInfoBattery                           0x200000b0   Data          16  main.o(.data)
    DisInfoLock                              0x200000c0   Data          16  main.o(.data)
    FLSH_PicData                             0x200000d0   Data        4112  main.o(.data)
    FLSH_NameData                            0x200010e0   Data        4112  main.o(.data)
    FLSH_DepData                             0x200020f0   Data        4112  main.o(.data)
    FLSH_ProData                             0x20003100   Data        4112  main.o(.data)
    FLSH_JobNumData                          0x20004110   Data        4112  main.o(.data)
    FLSH_KeyData                             0x20005120   Data        4112  main.o(.data)
    FLSH_AllPicData                          0x20006130   Data        4112  main.o(.data)
    TxCounter                                0x20007140   Data           1  stm32f10x_it.o(.data)
    KeyID                                    0x20007141   Data           8  management.o(.data)
    ReadKeyID                                0x20007149   Data           8  management.o(.data)
    ComData                                  0x20007154   Data        4108  main.o(.bss)
    TmrTbl                                   0x20008160   Data         400  main.o(.bss)
    bStatus                                  0x200082f0   Data          16  battery.o(.bss)
    __initial_sp                             0x20008500   Data           0  startup_stm32f10x_hd.o(STACK)



==============================================================================

Memory Map of the image

  Image Entry point : 0x08000147

  Load Region LR_1 (Base: 0x08000000, Size: 0x000160b8, Max: 0xffffffff, ABSOLUTE, COMPRESSED[0x0000f0fc])

    Execution Region ER_RO (Base: 0x08000000, Size: 0x0000ef64, Max: 0xffffffff, ABSOLUTE)

    Base Addr    Size         Type   Attr      Idx    E Section Name        Object

    0x08000000   0x00000130   Data   RO           82    RESET               startup_stm32f10x_hd.o
    0x08000130   0x00000000   Code   RO         3040  * .ARM.Collect$$$$00000000  mc_w.l(entry.o)
    0x08000130   0x00000004   Code   RO         3043    .ARM.Collect$$$$00000001  mc_w.l(entry2.o)
    0x08000134   0x00000004   Code   RO         3046    .ARM.Collect$$$$00000004  mc_w.l(entry5.o)
    0x08000138   0x00000000   Code   RO         3048    .ARM.Collect$$$$00000008  mc_w.l(entry7b.o)
    0x08000138   0x00000008   Code   RO         3049    .ARM.Collect$$$$00000009  mc_w.l(entry8.o)
    0x08000140   0x00000004   Code   RO         3044    .ARM.Collect$$$$00002712  mc_w.l(entry2.o)
    0x08000144   0x00000030   Code   RO           83  * .text               startup_stm32f10x_hd.o
    0x08000174   0x00000074   Code   RO           88    .text               misc.o
    0x080001e8   0x00000012   Code   RO          346    .text               stm32f10x_bkp.o
    0x080001fa   0x00000002   PAD
    0x080001fc   0x000000f8   Code   RO          825    .text               stm32f10x_flash.o
    0x080002f4   0x000000dc   Code   RO          930    .text               stm32f10x_fsmc.o
    0x080003d0   0x000000ca   Code   RO         1046    .text               stm32f10x_gpio.o
    0x0800049a   0x00000002   PAD
    0x0800049c   0x0000000c   Code   RO         1369    .text               stm32f10x_pwr.o
    0x080004a8   0x00000224   Code   RO         1428    .text               stm32f10x_rcc.o
    0x080006cc   0x000000c4   Code   RO         1514    .text               stm32f10x_rtc.o
    0x08000790   0x00000058   Code   RO         1888    .text               stm32f10x_tim.o
    0x080007e8   0x00000130   Code   RO         2403    .text               stm32f10x_usart.o
    0x08000918   0x0000006c   Code   RO         2585    .text               flash.o
    0x08000984   0x00000052   Code   RO         2621    .text               fsmc_sram.o
    0x080009d6   0x00000002   PAD
    0x080009d8   0x0000040c   Code   RO         2637    .text               system_init.o
    0x08000de4   0x00000294   Code   RO         2683    .text               lcd_ili9341.o
    0x08001078   0x0000014c   Code   RO         2751    .text               ibutton.o
    0x080011c4   0x00000368   Code   RO         2785    .text               main.o
    0x0800152c   0x0000018c   Code   RO         2858    .text               stm32f10x_it.o
    0x080016b8   0x000002fc   Code   RO         2882    .text               management.o
    0x080019b4   0x0000011c   Code   RO         2907    .text               timertask.o
    0x08001ad0   0x0000062c   Code   RO         2935    .text               display.o
    0x080020fc   0x000002b8   Code   RO         2995    .text               battery.o
    0x080023b4   0x00000024   Code   RO         3050    .text               mc_w.l(init.o)
    0x080023d8   0x0000005c   Code   RO         3060    .text               mc_w.l(__dczerorl2.o)
    0x08002434   0x0000000e   Code   RO         3054    i.__scatterload_copy  mc_w.l(handlers.o)
    0x08002442   0x00000002   Code   RO         3055    i.__scatterload_null  mc_w.l(handlers.o)
    0x08002444   0x0000000e   Code   RO         3056    i.__scatterload_zeroinit  mc_w.l(handlers.o)
    0x08002452   0x00000002   PAD
    0x08002454   0x00000004   Data   RO           19    .constdata          system_stm32f10x.o
    0x08002458   0x000004ea   Data   RO         2941    .constdata          display.o
    0x08002942   0x00001200   Data   RO         3024    .constdata          pic.o
    0x08003b42   0x00007e00   Data   RO         3025    .constdata          pic.o
    0x0800b942   0x00003600   Data   RO         3026    .constdata          pic.o
    0x0800ef42   0x00000002   PAD
    0x0800ef44   0x00000020   Data   RO         3052    Region$$Table       anon$$obj.o


    Execution Region ER_RW (Base: 0x20000000, Size: 0x00007154, Max: 0xffffffff, ABSOLUTE, COMPRESSED[0x00000198])

    Base Addr    Size         Type   Attr      Idx    E Section Name        Object

    0x20000000   0x00000014   Data   RW         1441    .data               stm32f10x_rcc.o
    0x20000014   0x00000004   Data   RW         2641    .data               system_init.o
    0x20000018   0x00000001   Data   RW         2791    .data               main.o
    0x20000019   0x0000000d   Data   RW         2793    .data               main.o
    0x20000026   0x00000002   PAD
    0x20000028   0x00006108   Data   RW         2794    .data               main.o
    0x20006130   0x00001010   Data   RW         2796    .data               main.o
    0x20007140   0x00000001   Data   RW         2860    .data               stm32f10x_it.o
    0x20007141   0x00000010   Data   RW         2883    .data               management.o


    Execution Region ER_ZI (Base: 0x20007154, Size: 0x000013ac, Max: 0xffffffff, ABSOLUTE)

    Base Addr    Size         Type   Attr      Idx    E Section Name        Object

    0x20007154   0x0000100c   Zero   RW         2789    .bss                main.o
    0x20008160   0x00000190   Zero   RW         2790    .bss                main.o
    0x200082f0   0x00000010   Zero   RW         2997    .bss                battery.o
    0x20008300   0x00000200   Zero   RW           80    STACK               startup_stm32f10x_hd.o


==============================================================================

Image component sizes


      Code (inc. data)   RO Data    RW Data    ZI Data      Debug   Object Name

       696         70          0          0         16       4334   battery.o
         0          0          0          0          0       4248   core_cm3.o
      1580         20       1258          0          0       9175   display.o
       108          0          0          0          0       1893   flash.o
        82          0          0          0          0        540   fsmc_sram.o
       332          4          0          0          0       2044   ibutton.o
       660         10          0          0          0       6024   lcd_ili9341.o
       872         92          0      28966       4508       7182   main.o
       764        112          0         16          0       4321   management.o
       116         12          0          0          0       1092   misc.o
         0          0      50688          0          0        628   pic.o
        48         12        304          0        512        780   startup_stm32f10x_hd.o
        18          0          0          0          0        409   stm32f10x_bkp.o
       248         14          0          0          0       3473   stm32f10x_flash.o
       220          4          0          0          0       9187   stm32f10x_fsmc.o
       202          0          0          0          0       2875   stm32f10x_gpio.o
       396         38          0          1          0       2129   stm32f10x_it.o
        12          6          0          0          0        426   stm32f10x_pwr.o
       548         36          0         20          0       6616   stm32f10x_rcc.o
       196          6          0          0          0       2400   stm32f10x_rtc.o
        88          8          0          0          0       4996   stm32f10x_tim.o
       304          4          0          0          0       4197   stm32f10x_usart.o
      1036         50          0          4          0       8303   system_init.o
         0          0          4          0          0     251308   system_stm32f10x.o
       284          6          0          0          0       3126   timertask.o

    ----------------------------------------------------------------------
      8816        504      52288      29012       5036     341706   Object Totals
         0          0         32          0          0          0   (incl. Generated)
         6          0          2          5          0          0   (incl. Padding)

    ----------------------------------------------------------------------

      Code (inc. data)   RO Data    RW Data    ZI Data      Debug   Library Member Name

        92          0          0          0          0          0   __dczerorl2.o
         0          0          0          0          0          0   entry.o
         8          4          0          0          0          0   entry2.o
         4          0          0          0          0          0   entry5.o
         0          0          0          0          0          0   entry7b.o
         8          4          0          0          0          0   entry8.o
        30          0          0          0          0          0   handlers.o
        36          8          0          0          0         68   init.o

    ----------------------------------------------------------------------
       180         16          0          0          0         68   Library Totals
         2          0          0          0          0          0   (incl. Padding)

    ----------------------------------------------------------------------

      Code (inc. data)   RO Data    RW Data    ZI Data      Debug   Library Name

       178         16          0          0          0         68   mc_w.l

    ----------------------------------------------------------------------
       180         16          0          0          0         68   Library Totals

    ----------------------------------------------------------------------

==============================================================================


      Code (inc. data)   RO Data    RW Data    ZI Data      Debug   

      8996        520      52288      29012       5036     339538   Grand Totals
      8996        520      52288        408       5036     339538   ELF Image Totals (compressed)
      8996        520      52288        408          0          0   ROM Totals

==============================================================================

    Total RO  Size (Code + RO Data)                61284 (  59.85kB)
    Total RW  Size (RW Data + ZI Data)             34048 (  33.25kB)
    Total ROM Size (Code + RO Data + RW Data)      61692 (  60.25kB)

==============================================================================

